src/layouts/StudioLayout.tsx(15,17): error TS6133: 'studioName' is declared but its value is never read.
src/pages/AdminPage.tsx(177,10): error TS6133: 'editSaving' is declared but its value is never read.
src/pages/AdminPage.tsx(188,9): error TS6133: 'handleSaveEdit' is declared but its value is never read.
src/pages/AdminPage.tsx(812,58): error TS2345: Argument of type '{ name: string; categoryName: string; slots: number; slots_data: SlotRect[]; layout: string; frame: string; }' is not assignable to parameter of type '{ name: string; categoryName: string; slots: number; slots_data?: SlotRect[] | undefined; layout?: string | undefined; frame?: string | undefined; studioId: string; }'.
  Property 'studioId' is missing in type '{ name: string; categoryName: string; slots: number; slots_data: SlotRect[]; layout: string; frame: string; }' but required in type '{ name: string; categoryName: string; slots: number; slots_data?: SlotRect[] | undefined; layout?: string | undefined; frame?: string | undefined; studioId: string; }'.
src/pages/AdminPage.tsx(1715,8): error TS2741: Property 'categories' is missing in type '{ frame: FrameItem | null; onClose: () => void; onSaved: (updated: FrameItem) => void; }' but required in type 'FrameEditModalProps'.
src/pages/studio/StudioDashboard.tsx(27,10): error TS6133: 'online' is declared but its value is never read.
src/pages/studio/StudioDashboard.tsx(163,22): error TS2304: Cannot find name 'Cell'.
src/pages/StudioGalleryPage.tsx(8,47): error TS6133: 'Dropdown' is declared but its value is never read.
src/pages/StudioGalleryPage.tsx(8,57): error TS6133: 'Space' is declared but its value is never read.
src/pages/StudioGalleryPage.tsx(11,64): error TS6133: 'DownOutlined' is declared but its value is never read.
src/pages/StudioGalleryPage.tsx(38,9): error TS6133: 'navigate' is declared but its value is never read.
